// Vitest Snapshot v1, https://vitest.dev/guide/snapshot.html

exports[`console output snapshots > failed message with banner 1`] = `
[
  [
    "[31m
⡀⡀⡀⡀⡀⡀⡀⡀⡀⡀⡀⣠⡀⡀⡀⡀⡀⡀⡀⡀⡀⡀⡀⡀⡀⡀⡀⡀⡀⡀⣠⡄⡀⡀⡀⡀⡀⡀⡀⡀⡀⡀⡀⡀⡀
⡀⡀⡘⡛⣩⡿⡉⡀⡀⡀⡀⣸⡀⡀⣀⡀⡀⡀⡀⣤⣤⣤⣴⡶⡶⡛⡀⡀⣀⣀⣸⣀⡀⡀⡀⡀⡀⡀⡀⡰⡶⡀⡀⡀⡀
⡀⣀⣠⣞⣥⣤⣤⡶⡀⡀⡋⣹⣴⡋⡀⡇⡀⡀⡀⡀⡀⣰⡋⡀⣌⡳⡀⡀⡀⡀⣿⡀⡀⡀⡀⡀⡀⡀⡀⡀⡇⡀⡀⡀⡀
⡀⡉⡀⣠⡏⡀⡀⡀⡀⡀⣠⣻⡀⡀⡀⡇⡀⡀⡀⡀⡀⣿⡀⡀⡀⡀⡀⡀⡉⡉⡟⡉⡁⣸⡀⡀⡀⡀⡀⡀⡃⡀⡀⡀⡀
⡀⡀⡀⡸⣦⣀⣀⡀⡀⡘⡁⣸⡀⡀⡀⣧⡾⡁⡀⡀⡀⡈⣷⣤⣄⡀⡀⡀⡀⡀⣷⣀⣀⣸⡀⡀⡀⡀⡀⡰⡶⡀⡀⡀⡀
⡀⡀⡀⡀⡀⡉⡁⡀⡀⡀⡀⡈⡀⡀⡀⡀⡀⡀⡀⡀⡀⡀⡀⡀⡀⡀⡀⡀⡀⡀⡀⡉⡉⡀⡀⡀⡀⡀⡀⡀⡀⡀⡀⡀⡀
[0m",
  ],
]
`;

exports[`console output snapshots > failed message without banner 1`] = `
[
  [
    "[31m それでも！ [0m",
  ],
]
`;

exports[`console output snapshots > interrupted message with banner 1`] = `
[
  [
    "[31m
⡀⡀⡀⡀⡀⡀⡀⡀⡀⡀⡀⣠⡀⡀⡀⡀⡀⡀⡀⡀⡀⡀⡀⡀⡀⡀⡀⡀⡀⡀⣠⡄⡀⡀⡀⡀⡀⡀⡀⡀⡀⡀⡀⡀⡀
⡀⡀⡘⡛⣩⡿⡉⡀⡀⡀⡀⣸⡀⡀⣀⡀⡀⡀⡀⣤⣤⣤⣴⡶⡶⡛⡀⡀⣀⣀⣸⣀⡀⡀⡀⡀⡀⡀⡀⡰⡶⡀⡀⡀⡀
⡀⣀⣠⣞⣥⣤⣤⡶⡀⡀⡋⣹⣴⡋⡀⡇⡀⡀⡀⡀⡀⣰⡋⡀⣌⡳⡀⡀⡀⡀⣿⡀⡀⡀⡀⡀⡀⡀⡀⡀⡇⡀⡀⡀⡀
⡀⡉⡀⣠⡏⡀⡀⡀⡀⡀⣠⣻⡀⡀⡀⡇⡀⡀⡀⡀⡀⣿⡀⡀⡀⡀⡀⡀⡉⡉⡟⡉⡁⣸⡀⡀⡀⡀⡀⡀⡃⡀⡀⡀⡀
⡀⡀⡀⡸⣦⣀⣀⡀⡀⡘⡁⣸⡀⡀⡀⣧⡾⡁⡀⡀⡀⡈⣷⣤⣄⡀⡀⡀⡀⡀⣷⣀⣀⣸⡀⡀⡀⡀⡀⡰⡶⡀⡀⡀⡀
⡀⡀⡀⡀⡀⡉⡁⡀⡀⡀⡀⡈⡀⡀⡀⡀⡀⡀⡀⡀⡀⡀⡀⡀⡀⡀⡀⡀⡀⡀⡀⡉⡉⡀⡀⡀⡀⡀⡀⡀⡀⡀⡀⡀⡀
[0m",
  ],
]
`;

exports[`console output snapshots > interrupted message without banner 1`] = `
[
  [
    "[31m それでも！ [0m",
  ],
]
`;

exports[`console output snapshots > no message set (empty string) 1`] = `
[
  [
    "",
  ],
]
`;

exports[`console output snapshots > passed message with banner 1`] = `
[
  [
    "[32m
⡀⡀⡀⡀⡀⡀⡀⡀⡀⡀⡀⡀⡀⡀⡀⡀⡀⡀⡀⡀⡀⡀⡀⡀⡀⡀⡀⡀⡀⡀⡀⡀⡀⡀⡀⡀⡀⡀⡀⡀⡀⡀⡀⡀⡀⡀⡀⡀⡀⡀⡀⡀⡀⡀⡀⡀⡀⡀⡀⡀⡀⡀⡀⡀⡀⡀⡀⡀⡀⡀⡀⡀⡀⡀⡀⡀⡀⡀⡀⡀⡀⡀⡀⡀⡀⡀⡀⡀⡀
⡀⡀⣤⣤⣤⣤⡀⡀⡀⡀⡀⣤⣤⣤⣤⣤⡀⡀⡀⣤⣤⣤⣤⣤⣤⡀⡀⡀⡀⡀⡀⣤⡀⡀⡀⡀⡀⡀⡀⡀⣤⡀⡀⡀⡀⡀⡀⡀⡀⣤⡀⡀⡀⡀⡀⡀⡀⡀⡀⡀⡀⡀⡀⡀⡀⡀⡀⡀⡀⡀⡀⡀⡀⣤⣄⡀⡀⡀⡀⡀⡀⡀⡀⡀⣶⡀⡀⡀⡀
⡀⡀⡀⡀⡀⣿⡀⡀⡀⡀⡀⡀⡀⡀⡀⡀⡀⡀⡀⡀⡀⡀⡀⡀⣿⡀⡀⡀⣤⣤⣤⣿⣤⣤⡀⡀⡀⣤⣤⣤⣿⣤⣤⡀⡀⡀⣤⣤⣤⣿⣤⣤⡀⡀⣤⣤⣤⣤⣤⣤⣤⣤⡀⣤⣤⣤⣤⣤⣤⣤⣤⡀⡀⡀⡉⡀⡀⡀⣰⡆⡀⡀⡀⡀⣿⡀⡀⡀⡀
⡀⡀⡀⡀⡀⣿⡀⡀⡀⡀⡀⡀⡀⡀⡀⡀⡀⡀⡀⡀⡀⡀⡀⡀⣿⡀⡀⡀⡀⣠⡾⣿⡀⡀⡀⡀⡀⡀⣠⡾⣿⡀⡀⡀⡀⡀⡀⣠⡾⣿⡀⡀⡀⡀⡀⡀⡀⡀⡀⡀⡀⡀⡀⡀⡀⡀⡀⡀⡀⡀⡀⡀⡀⡀⡀⡀⣀⣾⡋⡀⡀⡀⡀⡀⡛⡀⡀⡀⡀
⡀⡛⡛⡛⡛⡛⡛⡛⡃⡀⡛⡛⡛⡛⡛⡛⡛⡀⡀⡛⡛⡛⡛⡛⡿⡀⡀⡀⡶⡋⣀⡿⡀⡀⡀⡀⡀⡶⡋⣀⡿⡀⡀⡀⡀⡀⡾⡋⣀⡿⡀⡀⡀⡀⡀⡀⡀⡀⡀⡀⡀⡀⡀⡀⡀⡀⡀⡀⡀⡀⡀⡀⡀⣶⡶⡿⡋⡀⡀⡀⡀⡀⡀⡀⣶⡀⡀⡀⡀
⡀⡀⡀⡀⡀⡀⡀⡀⡀⡀⡀⡀⡀⡀⡀⡀⡀⡀⡀⡀⡀⡀⡀⡀⡀⡀⡀⡀⡀⡀⡀⡀⡀⡀⡀⡀⡀⡀⡀⡀⡀⡀⡀⡀⡀⡀⡀⡀⡀⡀⡀⡀⡀⡀⡀⡀⡀⡀⡀⡀⡀⡀⡀⡀⡀⡀⡀⡀⡀⡀⡀⡀⡀⡀⡀⡀⡀⡀⡀⡀⡀⡀⡀⡀⡀⡀⡀⡀⡀
[0m",
  ],
]
`;

exports[`console output snapshots > passed message without banner 1`] = `
[
  [
    "[32m ユニコォォォーーン！ [0m",
  ],
]
`;
