// Vitest Snapshot v1, https://vitest.dev/guide/snapshot.html

exports[`console output snapshots > failed message with useBanner={ useBanner: false } 1`] = `
[
  [
    "それでも！
",
  ],
]
`;

exports[`console output snapshots > failed message with useBanner={ useBanner: true } 1`] = `
[
  [
    "⡀⡀⡀⡀⡀⡀⡀⡀⡀⡀⡀⣠⡀⡀⡀⡀⡀⡀⡀⡀⡀⡀⡀⡀⡀⡀⡀⡀⡀⡀⣠⡄⡀⡀⡀⡀⡀⡀⡀⡀⡀⡀⡀⡀⡀
⡀⡀⡘⡛⣩⡿⡉⡀⡀⡀⡀⣸⡀⡀⣀⡀⡀⡀⡀⣤⣤⣤⣴⡶⡶⡛⡀⡀⣀⣀⣸⣀⡀⡀⡀⡀⡀⡀⡀⡰⡶⡀⡀⡀⡀
⡀⣀⣠⣞⣥⣤⣤⡶⡀⡀⡋⣹⣴⡋⡀⡇⡀⡀⡀⡀⡀⣰⡋⡀⣌⡳⡀⡀⡀⡀⣿⡀⡀⡀⡀⡀⡀⡀⡀⡀⡇⡀⡀⡀⡀
⡀⡉⡀⣠⡏⡀⡀⡀⡀⡀⣠⣻⡀⡀⡀⡇⡀⡀⡀⡀⡀⣿⡀⡀⡀⡀⡀⡀⡉⡉⡟⡉⡁⣸⡀⡀⡀⡀⡀⡀⡃⡀⡀⡀⡀
⡀⡀⡀⡸⣦⣀⣀⡀⡀⡘⡁⣸⡀⡀⡀⣧⡾⡁⡀⡀⡀⡈⣷⣤⣄⡀⡀⡀⡀⡀⣷⣀⣀⣸⡀⡀⡀⡀⡀⡰⡶⡀⡀⡀⡀
⡀⡀⡀⡀⡀⡉⡁⡀⡀⡀⡀⡈⡀⡀⡀⡀⡀⡀⡀⡀⡀⡀⡀⡀⡀⡀⡀⡀⡀⡀⡀⡉⡉⡀⡀⡀⡀⡀⡀⡀⡀⡀⡀⡀⡀
",
  ],
]
`;

exports[`console output snapshots > failed message with useBanner={} 1`] = `
[
  [
    "⡀⡀⡀⡀⡀⡀⡀⡀⡀⡀⡀⣠⡀⡀⡀⡀⡀⡀⡀⡀⡀⡀⡀⡀⡀⡀⡀⡀⡀⡀⣠⡄⡀⡀⡀⡀⡀⡀⡀⡀⡀⡀⡀⡀⡀
⡀⡀⡘⡛⣩⡿⡉⡀⡀⡀⡀⣸⡀⡀⣀⡀⡀⡀⡀⣤⣤⣤⣴⡶⡶⡛⡀⡀⣀⣀⣸⣀⡀⡀⡀⡀⡀⡀⡀⡰⡶⡀⡀⡀⡀
⡀⣀⣠⣞⣥⣤⣤⡶⡀⡀⡋⣹⣴⡋⡀⡇⡀⡀⡀⡀⡀⣰⡋⡀⣌⡳⡀⡀⡀⡀⣿⡀⡀⡀⡀⡀⡀⡀⡀⡀⡇⡀⡀⡀⡀
⡀⡉⡀⣠⡏⡀⡀⡀⡀⡀⣠⣻⡀⡀⡀⡇⡀⡀⡀⡀⡀⣿⡀⡀⡀⡀⡀⡀⡉⡉⡟⡉⡁⣸⡀⡀⡀⡀⡀⡀⡃⡀⡀⡀⡀
⡀⡀⡀⡸⣦⣀⣀⡀⡀⡘⡁⣸⡀⡀⡀⣧⡾⡁⡀⡀⡀⡈⣷⣤⣄⡀⡀⡀⡀⡀⣷⣀⣀⣸⡀⡀⡀⡀⡀⡰⡶⡀⡀⡀⡀
⡀⡀⡀⡀⡀⡉⡁⡀⡀⡀⡀⡈⡀⡀⡀⡀⡀⡀⡀⡀⡀⡀⡀⡀⡀⡀⡀⡀⡀⡀⡀⡉⡉⡀⡀⡀⡀⡀⡀⡀⡀⡀⡀⡀⡀
",
  ],
]
`;

exports[`console output snapshots > interrupted message with useBanner={ useBanner: false } 1`] = `
[
  [
    "",
  ],
]
`;

exports[`console output snapshots > interrupted message with useBanner={ useBanner: true } 1`] = `
[
  [
    "",
  ],
]
`;

exports[`console output snapshots > interrupted message with useBanner={} 1`] = `
[
  [
    "",
  ],
]
`;

exports[`console output snapshots > passed message with useBanner={ useBanner: false } 1`] = `
[
  [
    "ユニコォォォーーン！
",
  ],
]
`;

exports[`console output snapshots > passed message with useBanner={ useBanner: true } 1`] = `
[
  [
    "⡀⡀⡀⡀⡀⡀⡀⡀⡀⡀⡀⡀⡀⡀⡀⡀⡀⡀⡀⡀⡀⡀⡀⡀⡀⡀⡀⡀⡀⡀⡀⡀⡀⡀⡀⡀⡀⡀⡀⡀⡀⡀⡀⡀⡀⡀⡀⡀⡀⡀⡀⡀⡀⡀⡀⡀⡀⡀⡀⡀⡀⡀⡀⡀⡀⡀⡀⡀⡀⡀⡀⡀⡀⡀⡀⡀⡀⡀⡀⡀⡀⡀⡀⡀⡀⡀⡀⡀⡀
⡀⡀⣤⣤⣤⣤⡀⡀⡀⡀⡀⣤⣤⣤⣤⣤⡀⡀⡀⣤⣤⣤⣤⣤⣤⡀⡀⡀⡀⡀⡀⣤⡀⡀⡀⡀⡀⡀⡀⡀⣤⡀⡀⡀⡀⡀⡀⡀⡀⣤⡀⡀⡀⡀⡀⡀⡀⡀⡀⡀⡀⡀⡀⡀⡀⡀⡀⡀⡀⡀⡀⡀⡀⣤⣄⡀⡀⡀⡀⡀⡀⡀⡀⡀⣶⡀⡀⡀⡀
⡀⡀⡀⡀⡀⣿⡀⡀⡀⡀⡀⡀⡀⡀⡀⡀⡀⡀⡀⡀⡀⡀⡀⡀⣿⡀⡀⡀⣤⣤⣤⣿⣤⣤⡀⡀⡀⣤⣤⣤⣿⣤⣤⡀⡀⡀⣤⣤⣤⣿⣤⣤⡀⡀⣤⣤⣤⣤⣤⣤⣤⣤⡀⣤⣤⣤⣤⣤⣤⣤⣤⡀⡀⡀⡉⡀⡀⡀⣴⡆⡀⡀⡀⡀⣿⡀⡀⡀⡀
⡀⡀⡀⡀⡀⣿⡀⡀⡀⡀⡀⡀⡀⡀⡀⡀⡀⡀⡀⡀⡀⡀⡀⡀⣿⡀⡀⡀⡀⣠⡾⣿⡀⡀⡀⡀⡀⡀⣠⡾⣿⡀⡀⡀⡀⡀⡀⣠⡾⣿⡀⡀⡀⡀⡀⡀⡀⡀⡀⡀⡀⡀⡀⡀⡀⡀⡀⡀⡀⡀⡀⡀⡀⡀⡀⡀⣀⣾⡋⡀⡀⡀⡀⡀⡛⡀⡀⡀⡀
⡀⡛⡛⡛⡛⡛⡛⡛⡃⡀⡛⡛⡛⡛⡛⡛⡛⡀⡀⡛⡛⡛⡛⡛⡿⡀⡀⡀⡶⡋⣀⡿⡀⡀⡀⡀⡀⡶⡋⣀⡿⡀⡀⡀⡀⡀⡾⡋⣀⡿⡀⡀⡀⡀⡀⡀⡀⡀⡀⡀⡀⡀⡀⡀⡀⡀⡀⡀⡀⡀⡀⡀⡀⣶⡶⡿⡋⡀⡀⡀⡀⡀⡀⡀⣶⡀⡀⡀⡀
⡀⡀⡀⡀⡀⡀⡀⡀⡀⡀⡀⡀⡀⡀⡀⡀⡀⡀⡀⡀⡀⡀⡀⡀⡀⡀⡀⡀⡀⡀⡀⡀⡀⡀⡀⡀⡀⡀⡀⡀⡀⡀⡀⡀⡀⡀⡀⡀⡀⡀⡀⡀⡀⡀⡀⡀⡀⡀⡀⡀⡀⡀⡀⡀⡀⡀⡀⡀⡀⡀⡀⡀⡀⡀⡀⡀⡀⡀⡀⡀⡀⡀⡀⡀⡀⡀⡀⡀⡀
",
  ],
]
`;

exports[`console output snapshots > passed message with useBanner={} 1`] = `
[
  [
    "⡀⡀⡀⡀⡀⡀⡀⡀⡀⡀⡀⡀⡀⡀⡀⡀⡀⡀⡀⡀⡀⡀⡀⡀⡀⡀⡀⡀⡀⡀⡀⡀⡀⡀⡀⡀⡀⡀⡀⡀⡀⡀⡀⡀⡀⡀⡀⡀⡀⡀⡀⡀⡀⡀⡀⡀⡀⡀⡀⡀⡀⡀⡀⡀⡀⡀⡀⡀⡀⡀⡀⡀⡀⡀⡀⡀⡀⡀⡀⡀⡀⡀⡀⡀⡀⡀⡀⡀⡀
⡀⡀⣤⣤⣤⣤⡀⡀⡀⡀⡀⣤⣤⣤⣤⣤⡀⡀⡀⣤⣤⣤⣤⣤⣤⡀⡀⡀⡀⡀⡀⣤⡀⡀⡀⡀⡀⡀⡀⡀⣤⡀⡀⡀⡀⡀⡀⡀⡀⣤⡀⡀⡀⡀⡀⡀⡀⡀⡀⡀⡀⡀⡀⡀⡀⡀⡀⡀⡀⡀⡀⡀⡀⣤⣄⡀⡀⡀⡀⡀⡀⡀⡀⡀⣶⡀⡀⡀⡀
⡀⡀⡀⡀⡀⣿⡀⡀⡀⡀⡀⡀⡀⡀⡀⡀⡀⡀⡀⡀⡀⡀⡀⡀⣿⡀⡀⡀⣤⣤⣤⣿⣤⣤⡀⡀⡀⣤⣤⣤⣿⣤⣤⡀⡀⡀⣤⣤⣤⣿⣤⣤⡀⡀⣤⣤⣤⣤⣤⣤⣤⣤⡀⣤⣤⣤⣤⣤⣤⣤⣤⡀⡀⡀⡉⡀⡀⡀⣴⡆⡀⡀⡀⡀⣿⡀⡀⡀⡀
⡀⡀⡀⡀⡀⣿⡀⡀⡀⡀⡀⡀⡀⡀⡀⡀⡀⡀⡀⡀⡀⡀⡀⡀⣿⡀⡀⡀⡀⣠⡾⣿⡀⡀⡀⡀⡀⡀⣠⡾⣿⡀⡀⡀⡀⡀⡀⣠⡾⣿⡀⡀⡀⡀⡀⡀⡀⡀⡀⡀⡀⡀⡀⡀⡀⡀⡀⡀⡀⡀⡀⡀⡀⡀⡀⡀⣀⣾⡋⡀⡀⡀⡀⡀⡛⡀⡀⡀⡀
⡀⡛⡛⡛⡛⡛⡛⡛⡃⡀⡛⡛⡛⡛⡛⡛⡛⡀⡀⡛⡛⡛⡛⡛⡿⡀⡀⡀⡶⡋⣀⡿⡀⡀⡀⡀⡀⡶⡋⣀⡿⡀⡀⡀⡀⡀⡾⡋⣀⡿⡀⡀⡀⡀⡀⡀⡀⡀⡀⡀⡀⡀⡀⡀⡀⡀⡀⡀⡀⡀⡀⡀⡀⣶⡶⡿⡋⡀⡀⡀⡀⡀⡀⡀⣶⡀⡀⡀⡀
⡀⡀⡀⡀⡀⡀⡀⡀⡀⡀⡀⡀⡀⡀⡀⡀⡀⡀⡀⡀⡀⡀⡀⡀⡀⡀⡀⡀⡀⡀⡀⡀⡀⡀⡀⡀⡀⡀⡀⡀⡀⡀⡀⡀⡀⡀⡀⡀⡀⡀⡀⡀⡀⡀⡀⡀⡀⡀⡀⡀⡀⡀⡀⡀⡀⡀⡀⡀⡀⡀⡀⡀⡀⡀⡀⡀⡀⡀⡀⡀⡀⡀⡀⡀⡀⡀⡀⡀⡀
",
  ],
]
`;
